// Jest Snapshot v1, https://goo.gl/fbAQLP

exports[`DailyReadingDetailModal matches the snapshot 1`] = `
<Modal
  animationType="slide"
  hardwareAccelerated={false}
  visible={true}
>
  <View
    style={
      [
        {
          "flex": 1,
          "padding": 20,
        },
        {
          "backgroundColor": "#F0F9FF",
        },
      ]
    }
  >
    <Text
      style={
        [
          {
            "color": "#222",
            "fontSize": 24,
            "fontWeight": "bold",
            "marginBottom": 16,
          },
          {
            "color": "#1A1A1A",
          },
        ]
      }
    >
      Today's readings
    </Text>
    <Text
      style={
        [
          {
            "color": "white",
            "fontSize": 12,
          },
          {
            "color": "#1A1A1A",
          },
        ]
      }
    >
      2025-05-16
    </Text>
    <Text
      style={
        [
          {
            "color": "black",
            "fontSize": 14,
            "fontWeight": "500",
            "marginBottom": 4,
          },
          {
            "alignSelf": "center",
            "color": "#1A1A1A",
            "marginBottom": 5,
            "marginTop": 20,
          },
        ]
      }
    >
      First reading 
    </Text>
    <Text
      style={
        [
          {
            "color": "white",
            "fontSize": 14,
          },
          {
            "color": "#1A1A1A",
          },
        ]
      }
    >
      Exodus
    </Text>
    <Text
      style={
        [
          {
            "color": "black",
            "fontSize": 14,
            "fontWeight": "500",
            "marginBottom": 4,
          },
          {
            "alignSelf": "center",
            "color": "#1A1A1A",
            "marginBottom": 5,
            "marginTop": 20,
          },
        ]
      }
    >
      Second reading 
    </Text>
    <Text
      style={
        [
          {
            "color": "white",
            "fontSize": 14,
          },
          {
            "color": "#1A1A1A",
          },
        ]
      }
    >
      Hebrews
    </Text>
    <Text
      style={
        [
          {
            "color": "black",
            "fontSize": 14,
            "fontWeight": "500",
            "marginBottom": 4,
          },
          {
            "alignSelf": "center",
            "color": "#1A1A1A",
            "marginBottom": 5,
            "marginTop": 20,
          },
        ]
      }
    >
      Psalm 
    </Text>
    <Text
      style={
        [
          {
            "color": "white",
            "fontSize": 14,
          },
          {
            "color": "#1A1A1A",
          },
        ]
      }
    >
      Psalm 123
    </Text>
    <Text
      style={
        [
          {
            "color": "black",
            "fontSize": 14,
            "fontWeight": "500",
            "marginBottom": 4,
          },
          {
            "alignSelf": "center",
            "color": "#1A1A1A",
            "marginBottom": 5,
            "marginTop": 20,
          },
        ]
      }
    >
      Gospel reading 
    </Text>
    <Text
      style={
        [
          {
            "color": "white",
            "fontSize": 14,
          },
          {
            "color": "#1A1A1A",
            "marginBottom": 20,
          },
        ]
      }
    >
      John
    </Text>
    <View
      accessibilityState={
        {
          "busy": undefined,
          "checked": undefined,
          "disabled": undefined,
          "expanded": undefined,
          "selected": undefined,
        }
      }
      accessibilityValue={
        {
          "max": undefined,
          "min": undefined,
          "now": undefined,
          "text": undefined,
        }
      }
      accessible={true}
      collapsable={false}
      focusable={true}
      onClick={[Function]}
      onResponderGrant={[Function]}
      onResponderMove={[Function]}
      onResponderRelease={[Function]}
      onResponderTerminate={[Function]}
      onResponderTerminationRequest={[Function]}
      onStartShouldSetResponder={[Function]}
      style={
        {
          "alignItems": "center",
          "alignSelf": "center",
          "backgroundColor": "#ADD8E6",
          "borderRadius": 8,
          "marginTop": 10,
          "opacity": 1,
          "paddingVertical": 12,
          "width": "50%",
        }
      }
    >
      <Text
        style={
          [
            {
              "color": "white",
              "fontSize": 16,
              "fontWeight": "bold",
            },
            {
              "alignSelf": "center",
              "color": "#1A1A1A",
            },
          ]
        }
      >
        Close
      </Text>
    </View>
  </View>
</Modal>
`;
