// Jest Snapshot v1, https://goo.gl/fbAQLP

exports[`JournalEntryUpdateModal matches the snapshot 1`] = `
<Modal
  animationType="slide"
  hardwareAccelerated={false}
  visible={true}
>
  <View
    style={
      [
        {
          "flex": 1,
          "padding": 20,
        },
        {
          "backgroundColor": "#EDE9FE",
        },
      ]
    }
  >
    <Text
      style={
        [
          {
            "color": "#222",
            "fontSize": 24,
            "fontWeight": "bold",
            "marginBottom": 16,
          },
          {
            "color": "#1A1A1A",
          },
        ]
      }
    >
      Edit Entry
    </Text>
    <TextInput
      onChangeText={[Function]}
      placeholder="Enter title..."
      style={
        {
          "backgroundColor": "#fff",
          "borderColor": "#dddddd",
          "borderRadius": 6,
          "borderWidth": 1,
          "marginBottom": 12,
          "padding": 10,
        }
      }
      value="Test entry"
    />
    <TextInput
      onChangeText={[Function]}
      placeholder="Write your journal entry..."
      style={
        [
          {
            "backgroundColor": "#fff",
            "borderColor": "#dddddd",
            "borderRadius": 6,
            "borderWidth": 1,
            "marginBottom": 12,
            "padding": 10,
          },
          {
            "height": 200,
            "textAlignVertical": "top",
          },
        ]
      }
      value="This is the content of the test entry"
    />
    <View
      style={
        {
          "flexDirection": "row",
          "justifyContent": "space-between",
        }
      }
    >
      <View
        accessibilityState={
          {
            "busy": undefined,
            "checked": undefined,
            "disabled": undefined,
            "expanded": undefined,
            "selected": undefined,
          }
        }
        accessibilityValue={
          {
            "max": undefined,
            "min": undefined,
            "now": undefined,
            "text": undefined,
          }
        }
        accessible={true}
        collapsable={false}
        focusable={true}
        onClick={[Function]}
        onResponderGrant={[Function]}
        onResponderMove={[Function]}
        onResponderRelease={[Function]}
        onResponderTerminate={[Function]}
        onResponderTerminationRequest={[Function]}
        onStartShouldSetResponder={[Function]}
        style={
          {
            "alignItems": "center",
            "alignSelf": "center",
            "backgroundColor": "#B794F4",
            "borderRadius": 8,
            "marginTop": 10,
            "opacity": 1,
            "paddingVertical": 12,
            "width": "40%",
          }
        }
      >
        <Text
          style={
            [
              {
                "color": "white",
                "fontSize": 16,
                "fontWeight": "bold",
              },
              {
                "color": "#1A1A1A",
              },
            ]
          }
        >
          Save changes
        </Text>
      </View>
      <View
        accessibilityState={
          {
            "busy": undefined,
            "checked": undefined,
            "disabled": undefined,
            "expanded": undefined,
            "selected": undefined,
          }
        }
        accessibilityValue={
          {
            "max": undefined,
            "min": undefined,
            "now": undefined,
            "text": undefined,
          }
        }
        accessible={true}
        collapsable={false}
        focusable={true}
        onClick={[Function]}
        onResponderGrant={[Function]}
        onResponderMove={[Function]}
        onResponderRelease={[Function]}
        onResponderTerminate={[Function]}
        onResponderTerminationRequest={[Function]}
        onStartShouldSetResponder={[Function]}
        style={
          {
            "alignItems": "center",
            "alignSelf": "center",
            "backgroundColor": "gray",
            "borderRadius": 8,
            "marginTop": 10,
            "opacity": 1,
            "paddingVertical": 12,
            "width": "40%",
          }
        }
      >
        <Text
          style={
            {
              "color": "white",
              "fontSize": 16,
              "fontWeight": "bold",
            }
          }
        >
          Cancel
        </Text>
      </View>
    </View>
  </View>
</Modal>
`;
